AR main behavioral C:/Users/lab/Desktop/UCISW2project-main/UCISW2_organek/Main.vhf sub00/vhpl03 1649346325
AR frequencygenerator behavioral C:/Users/lab/Desktop/UCISW2project-main/UCISW2_organek/frequencyGenerator.vhd sub00/vhpl01 1649346321
AR ps2tonote behavioral C:/Users/lab/Desktop/UCISW2project-main/UCISW2_organek/PS2ToNote.vhd sub00/vhpl05 1649346323
EN frequencygenerator NULL C:/Users/lab/Desktop/UCISW2project-main/UCISW2_organek/frequencyGenerator.vhd sub00/vhpl00 1649346320
EN main NULL C:/Users/lab/Desktop/UCISW2project-main/UCISW2_organek/Main.vhf sub00/vhpl02 1649346324
EN ps2tonote NULL C:/Users/lab/Desktop/UCISW2project-main/UCISW2_organek/PS2ToNote.vhd sub00/vhpl04 1649346322
