AR imagegenerator behavioral C:/Users/lab/Documents/GitHub/UCISW2project/UCISW2_organek/imageGenerator.vhd sub00/vhpl07 1651771959
AR main behavioral C:/Users/lab/Documents/GitHub/UCISW2project/UCISW2_organek/Main.vhf sub00/vhpl03 1651771963
AR frequencygenerator behavioral C:/Users/lab/Documents/GitHub/UCISW2project/UCISW2_organek/frequencyGenerator.vhd sub00/vhpl01 1651771955
AR ps2tonote behavioral C:/Users/lab/Documents/GitHub/UCISW2project/UCISW2_organek/PS2ToNote.vhd sub00/vhpl05 1651771957
EN imagegenerator NULL C:/Users/lab/Documents/GitHub/UCISW2project/UCISW2_organek/imageGenerator.vhd sub00/vhpl06 1651771958
EN frequencygenerator NULL C:/Users/lab/Documents/GitHub/UCISW2project/UCISW2_organek/frequencyGenerator.vhd sub00/vhpl00 1651771954
EN main NULL C:/Users/lab/Documents/GitHub/UCISW2project/UCISW2_organek/Main.vhf sub00/vhpl02 1651771962
EN vgatxt48x20 NULL C:/Users/lab/Documents/GitHub/UCISW2project/UCISW2_organek/VGAtxt48x20.vhd sub00/vhpl08 1651771960
EN ps2tonote NULL C:/Users/lab/Documents/GitHub/UCISW2project/UCISW2_organek/PS2ToNote.vhd sub00/vhpl04 1651771956
AR vgatxt48x20 structure C:/Users/lab/Documents/GitHub/UCISW2project/UCISW2_organek/VGAtxt48x20.vhd sub00/vhpl09 1651771961
