AR imagegenerator behavioral C:/Users/lab/Documents/GitHub/UCISW2project/UCISW2_organek/imageGenerator.vhd sub00/vhpl07 1652370749
AR main behavioral C:/Users/lab/Documents/GitHub/UCISW2project/UCISW2_organek/Main.vhf sub00/vhpl03 1652370753
AR frequencygenerator behavioral C:/Users/lab/Documents/GitHub/UCISW2project/UCISW2_organek/frequencyGenerator.vhd sub00/vhpl01 1652370743
AR ps2tonote behavioral C:/Users/lab/Documents/GitHub/UCISW2project/UCISW2_organek/PS2ToNote.vhd sub00/vhpl05 1652370745
EN imagegenerator NULL C:/Users/lab/Documents/GitHub/UCISW2project/UCISW2_organek/imageGenerator.vhd sub00/vhpl06 1652370748
EN frequencygenerator NULL C:/Users/lab/Documents/GitHub/UCISW2project/UCISW2_organek/frequencyGenerator.vhd sub00/vhpl00 1652370742
EN main NULL C:/Users/lab/Documents/GitHub/UCISW2project/UCISW2_organek/Main.vhf sub00/vhpl02 1652370752
EN vgatxt48x20 NULL C:/Users/lab/Documents/GitHub/UCISW2project/UCISW2_organek/VGAtxt48x20.vhd sub00/vhpl08 1652370746
AR maincomponent behavioral C:/Users/lab/Documents/GitHub/UCISW2project/UCISW2_organek/MainComponent.vhf sub00/vhpl13 1652370755
EN maincomponent NULL C:/Users/lab/Documents/GitHub/UCISW2project/UCISW2_organek/MainComponent.vhf sub00/vhpl12 1652370754
AR maincomponent_muser_main behavioral C:/Users/lab/Documents/GitHub/UCISW2project/UCISW2_organek/Main.vhf sub00/vhpl11 1652370751
EN ps2tonote NULL C:/Users/lab/Documents/GitHub/UCISW2project/UCISW2_organek/PS2ToNote.vhd sub00/vhpl04 1652370744
AR vgatxt48x20 structure C:/Users/lab/Documents/GitHub/UCISW2project/UCISW2_organek/VGAtxt48x20.vhd sub00/vhpl09 1652370747
EN maincomponent_muser_main NULL C:/Users/lab/Documents/GitHub/UCISW2project/UCISW2_organek/Main.vhf sub00/vhpl10 1652370750
