V3 24
FL /home/superciuper/Documents/UCISW2project/UCISW2_organek/frequencyGenerator.vhd 2022/05/04.08:00:16 P.20131013
EN work/frequencyGenerator 1651684542 \
      FL /home/superciuper/Documents/UCISW2project/UCISW2_organek/frequencyGenerator.vhd \
      PB ieee/std_logic_1164 1381692176 PB ieee/NUMERIC_STD 1381692181 \
      PB ieee/STD_LOGIC_UNSIGNED 1381692179
AR work/frequencyGenerator/Behavioral 1651684543 \
      FL /home/superciuper/Documents/UCISW2project/UCISW2_organek/frequencyGenerator.vhd \
      EN work/frequencyGenerator 1651684542
FL C:/Users/lab/Desktop/UCISW2project-main/UCISW2_organek/frequencyGenerator.vhd 2022/04/07.16:44:11 P.20131013
FL C:/Users/lab/Desktop/UCISW2project-main/UCISW2_organek/Main.vhf 2022/04/07.17:44:26 P.20131013
FL C:/Users/lab/Desktop/UCISW2project-main/UCISW2_organek/PS2ToNote.vhd 2022/04/07.17:21:52 P.20131013
FL C:/Users/lab/Documents/GitHub/UCISW2project/UCISW2_organek/frequencyGenerator.vhd 2022/04/13.17:24:25 P.20131013
FL C:/Users/lab/Documents/GitHub/UCISW2project/UCISW2_organek/imageGenerator.vhd 2022/04/13.19:21:23 P.20131013
EN work/imageGenerator 1649870527 \
      FL C:/Users/lab/Documents/GitHub/UCISW2project/UCISW2_organek/imageGenerator.vhd \
      PB ieee/std_logic_1164 1381692176
AR work/imageGenerator/Behavioral 1649870528 \
      FL C:/Users/lab/Documents/GitHub/UCISW2project/UCISW2_organek/imageGenerator.vhd \
      EN work/imageGenerator 1649870527
FL C:/Users/lab/Documents/GitHub/UCISW2project/UCISW2_organek/Main.vhf 2022/04/13.19:22:00 P.20131013
EN work/Main 1649870529 \
      FL C:/Users/lab/Documents/GitHub/UCISW2project/UCISW2_organek/Main.vhf \
      PB ieee/std_logic_1164 1381692176 PB ieee/NUMERIC_STD 1381692181 LB UNISIM \
      PH unisim/VCOMPONENTS 1381692182
AR work/Main/BEHAVIORAL 1649870530 \
      FL C:/Users/lab/Documents/GitHub/UCISW2project/UCISW2_organek/Main.vhf \
      EN work/Main 1649870529 CP DACWrite CP frequencyGenerator CP PS2_Kbd \
      CP PS2ToNote CP imageGenerator CP VGAtxt48x20 CP BUF
FL C:/Users/lab/Documents/GitHub/UCISW2project/UCISW2_organek/PS2ToNote.vhd 2022/04/13.17:57:06 P.20131013
EN work/PS2ToNote 1649870525 \
      FL C:/Users/lab/Documents/GitHub/UCISW2project/UCISW2_organek/PS2ToNote.vhd \
      PB ieee/std_logic_1164 1381692176
AR work/PS2ToNote/Behavioral 1649870526 \
      FL C:/Users/lab/Documents/GitHub/UCISW2project/UCISW2_organek/PS2ToNote.vhd \
      EN work/PS2ToNote 1649870525
